  Scene_Play.cpp
D:\VSProject\SFML_Project\A4\Components.hpp(204,27): warning C4267: 'argument': conversion from 'size_t' to 'unsigned int', possible loss of data
  (compiling source file 'Scene_Play.cpp')
  
D:\VSProject\SFML_Project\A4\Scene_Play.cpp(61,60): warning C4244: 'argument': conversion from 'T' to 'float', possible loss of data
D:\VSProject\SFML_Project\A4\Scene_Play.cpp(61,60): warning C4244:         with
D:\VSProject\SFML_Project\A4\Scene_Play.cpp(61,60): warning C4244:         [
D:\VSProject\SFML_Project\A4\Scene_Play.cpp(61,60): warning C4244:             T=unsigned int
D:\VSProject\SFML_Project\A4\Scene_Play.cpp(61,60): warning C4244:         ]
D:\VSProject\SFML_Project\A4\Scene_Play.cpp(61,40): warning C4244: 'argument': conversion from 'T' to 'float', possible loss of data
D:\VSProject\SFML_Project\A4\Scene_Play.cpp(61,40): warning C4244:         with
D:\VSProject\SFML_Project\A4\Scene_Play.cpp(61,40): warning C4244:         [
D:\VSProject\SFML_Project\A4\Scene_Play.cpp(61,40): warning C4244:             T=unsigned int
D:\VSProject\SFML_Project\A4\Scene_Play.cpp(61,40): warning C4244:         ]
D:\VSProject\SFML_Project\A4\Scene_Play.cpp(62,69): warning C4244: 'argument': conversion from 'T' to 'float', possible loss of data
D:\VSProject\SFML_Project\A4\Scene_Play.cpp(62,69): warning C4244:         with
D:\VSProject\SFML_Project\A4\Scene_Play.cpp(62,69): warning C4244:         [
D:\VSProject\SFML_Project\A4\Scene_Play.cpp(62,69): warning C4244:             T=unsigned int
D:\VSProject\SFML_Project\A4\Scene_Play.cpp(62,69): warning C4244:         ]
D:\VSProject\SFML_Project\A4\Scene_Play.cpp(62,45): warning C4244: 'argument': conversion from 'T' to 'float', possible loss of data
D:\VSProject\SFML_Project\A4\Scene_Play.cpp(62,45): warning C4244:         with
D:\VSProject\SFML_Project\A4\Scene_Play.cpp(62,45): warning C4244:         [
D:\VSProject\SFML_Project\A4\Scene_Play.cpp(62,45): warning C4244:             T=unsigned int
D:\VSProject\SFML_Project\A4\Scene_Play.cpp(62,45): warning C4244:         ]
D:\VSProject\SFML_Project\A4\Scene_Play.cpp(70,34): warning C4244: 'argument': conversion from 'T' to 'T', possible loss of data
D:\VSProject\SFML_Project\A4\Scene_Play.cpp(70,34): warning C4244:         with
D:\VSProject\SFML_Project\A4\Scene_Play.cpp(70,34): warning C4244:         [
D:\VSProject\SFML_Project\A4\Scene_Play.cpp(70,34): warning C4244:             T=float
D:\VSProject\SFML_Project\A4\Scene_Play.cpp(70,34): warning C4244:         ]
D:\VSProject\SFML_Project\A4\Scene_Play.cpp(70,34): warning C4244:         and
D:\VSProject\SFML_Project\A4\Scene_Play.cpp(70,34): warning C4244:         [
D:\VSProject\SFML_Project\A4\Scene_Play.cpp(70,34): warning C4244:             T=int
D:\VSProject\SFML_Project\A4\Scene_Play.cpp(70,34): warning C4244:         ]
D:\VSProject\SFML_Project\A4\Scene_Play.cpp(69,34): warning C4244: 'argument': conversion from 'T' to 'T', possible loss of data
D:\VSProject\SFML_Project\A4\Scene_Play.cpp(69,34): warning C4244:         with
D:\VSProject\SFML_Project\A4\Scene_Play.cpp(69,34): warning C4244:         [
D:\VSProject\SFML_Project\A4\Scene_Play.cpp(69,34): warning C4244:             T=float
D:\VSProject\SFML_Project\A4\Scene_Play.cpp(69,34): warning C4244:         ]
D:\VSProject\SFML_Project\A4\Scene_Play.cpp(69,34): warning C4244:         and
D:\VSProject\SFML_Project\A4\Scene_Play.cpp(69,34): warning C4244:         [
D:\VSProject\SFML_Project\A4\Scene_Play.cpp(69,34): warning C4244:             T=int
D:\VSProject\SFML_Project\A4\Scene_Play.cpp(69,34): warning C4244:         ]
D:\VSProject\SFML_Project\A4\Scene_Play.cpp(68,67): warning C4244: 'argument': conversion from 'T' to 'T', possible loss of data
D:\VSProject\SFML_Project\A4\Scene_Play.cpp(68,67): warning C4244:         with
D:\VSProject\SFML_Project\A4\Scene_Play.cpp(68,67): warning C4244:         [
D:\VSProject\SFML_Project\A4\Scene_Play.cpp(68,67): warning C4244:             T=float
D:\VSProject\SFML_Project\A4\Scene_Play.cpp(68,67): warning C4244:         ]
D:\VSProject\SFML_Project\A4\Scene_Play.cpp(68,67): warning C4244:         and
D:\VSProject\SFML_Project\A4\Scene_Play.cpp(68,67): warning C4244:         [
D:\VSProject\SFML_Project\A4\Scene_Play.cpp(68,67): warning C4244:             T=int
D:\VSProject\SFML_Project\A4\Scene_Play.cpp(68,67): warning C4244:         ]
D:\VSProject\SFML_Project\A4\Scene_Play.cpp(67,84): warning C4244: 'argument': conversion from 'T' to 'T', possible loss of data
D:\VSProject\SFML_Project\A4\Scene_Play.cpp(67,84): warning C4244:         with
D:\VSProject\SFML_Project\A4\Scene_Play.cpp(67,84): warning C4244:         [
D:\VSProject\SFML_Project\A4\Scene_Play.cpp(67,84): warning C4244:             T=float
D:\VSProject\SFML_Project\A4\Scene_Play.cpp(67,84): warning C4244:         ]
D:\VSProject\SFML_Project\A4\Scene_Play.cpp(67,84): warning C4244:         and
D:\VSProject\SFML_Project\A4\Scene_Play.cpp(67,84): warning C4244:         [
D:\VSProject\SFML_Project\A4\Scene_Play.cpp(67,84): warning C4244:             T=int
D:\VSProject\SFML_Project\A4\Scene_Play.cpp(67,84): warning C4244:         ]
D:\VSProject\SFML_Project\A4\Scene_Play.cpp(110,44): warning C4244: 'argument': conversion from 'float' to 'T', possible loss of data
D:\VSProject\SFML_Project\A4\Scene_Play.cpp(110,44): warning C4244:         with
D:\VSProject\SFML_Project\A4\Scene_Play.cpp(110,44): warning C4244:         [
D:\VSProject\SFML_Project\A4\Scene_Play.cpp(110,44): warning C4244:             T=int
D:\VSProject\SFML_Project\A4\Scene_Play.cpp(110,44): warning C4244:         ]
D:\VSProject\SFML_Project\A4\Scene_Play.cpp(110,37): warning C4244: 'argument': conversion from 'float' to 'T', possible loss of data
D:\VSProject\SFML_Project\A4\Scene_Play.cpp(110,37): warning C4244:         with
D:\VSProject\SFML_Project\A4\Scene_Play.cpp(110,37): warning C4244:         [
D:\VSProject\SFML_Project\A4\Scene_Play.cpp(110,37): warning C4244:             T=int
D:\VSProject\SFML_Project\A4\Scene_Play.cpp(110,37): warning C4244:         ]
D:\VSProject\SFML_Project\A4\Scene_Play.cpp(129,44): warning C4244: 'argument': conversion from 'float' to 'T', possible loss of data
D:\VSProject\SFML_Project\A4\Scene_Play.cpp(129,44): warning C4244:         with
D:\VSProject\SFML_Project\A4\Scene_Play.cpp(129,44): warning C4244:         [
D:\VSProject\SFML_Project\A4\Scene_Play.cpp(129,44): warning C4244:             T=int
D:\VSProject\SFML_Project\A4\Scene_Play.cpp(129,44): warning C4244:         ]
D:\VSProject\SFML_Project\A4\Scene_Play.cpp(129,37): warning C4244: 'argument': conversion from 'float' to 'T', possible loss of data
D:\VSProject\SFML_Project\A4\Scene_Play.cpp(129,37): warning C4244:         with
D:\VSProject\SFML_Project\A4\Scene_Play.cpp(129,37): warning C4244:         [
D:\VSProject\SFML_Project\A4\Scene_Play.cpp(129,37): warning C4244:             T=int
D:\VSProject\SFML_Project\A4\Scene_Play.cpp(129,37): warning C4244:         ]
D:\VSProject\SFML_Project\A4\Scene_Play.cpp(158,44): warning C4244: 'argument': conversion from 'float' to 'T', possible loss of data
D:\VSProject\SFML_Project\A4\Scene_Play.cpp(158,44): warning C4244:         with
D:\VSProject\SFML_Project\A4\Scene_Play.cpp(158,44): warning C4244:         [
D:\VSProject\SFML_Project\A4\Scene_Play.cpp(158,44): warning C4244:             T=int
D:\VSProject\SFML_Project\A4\Scene_Play.cpp(158,44): warning C4244:         ]
D:\VSProject\SFML_Project\A4\Scene_Play.cpp(158,37): warning C4244: 'argument': conversion from 'float' to 'T', possible loss of data
D:\VSProject\SFML_Project\A4\Scene_Play.cpp(158,37): warning C4244:         with
D:\VSProject\SFML_Project\A4\Scene_Play.cpp(158,37): warning C4244:         [
D:\VSProject\SFML_Project\A4\Scene_Play.cpp(158,37): warning C4244:             T=int
D:\VSProject\SFML_Project\A4\Scene_Play.cpp(158,37): warning C4244:         ]
D:\VSProject\SFML_Project\A4\Scene_Play.cpp(260,144): warning C4244: 'argument': conversion from 'const float' to 'int', possible loss of data
D:\VSProject\SFML_Project\A4\Scene_Play.cpp(524,77): warning C4244: '=': conversion from 'T' to 'T', possible loss of data
D:\VSProject\SFML_Project\A4\Scene_Play.cpp(524,77): warning C4244:         with
D:\VSProject\SFML_Project\A4\Scene_Play.cpp(524,77): warning C4244:         [
D:\VSProject\SFML_Project\A4\Scene_Play.cpp(524,77): warning C4244:             T=float
D:\VSProject\SFML_Project\A4\Scene_Play.cpp(524,77): warning C4244:         ]
D:\VSProject\SFML_Project\A4\Scene_Play.cpp(524,77): warning C4244:         and
D:\VSProject\SFML_Project\A4\Scene_Play.cpp(524,77): warning C4244:         [
D:\VSProject\SFML_Project\A4\Scene_Play.cpp(524,77): warning C4244:             T=int
D:\VSProject\SFML_Project\A4\Scene_Play.cpp(524,77): warning C4244:         ]
D:\VSProject\SFML_Project\A4\Scene_Play.cpp(525,76): warning C4244: '=': conversion from 'T' to 'T', possible loss of data
D:\VSProject\SFML_Project\A4\Scene_Play.cpp(525,76): warning C4244:         with
D:\VSProject\SFML_Project\A4\Scene_Play.cpp(525,76): warning C4244:         [
D:\VSProject\SFML_Project\A4\Scene_Play.cpp(525,76): warning C4244:             T=float
D:\VSProject\SFML_Project\A4\Scene_Play.cpp(525,76): warning C4244:         ]
D:\VSProject\SFML_Project\A4\Scene_Play.cpp(525,76): warning C4244:         and
D:\VSProject\SFML_Project\A4\Scene_Play.cpp(525,76): warning C4244:         [
D:\VSProject\SFML_Project\A4\Scene_Play.cpp(525,76): warning C4244:             T=int
D:\VSProject\SFML_Project\A4\Scene_Play.cpp(525,76): warning C4244:         ]
D:\VSProject\SFML_Project\A4\Scene_Play.cpp(774,20): warning C4244: 'initializing': conversion from 'T' to 'int', possible loss of data
D:\VSProject\SFML_Project\A4\Scene_Play.cpp(774,20): warning C4244:         with
D:\VSProject\SFML_Project\A4\Scene_Play.cpp(774,20): warning C4244:         [
D:\VSProject\SFML_Project\A4\Scene_Play.cpp(774,20): warning C4244:             T=float
D:\VSProject\SFML_Project\A4\Scene_Play.cpp(774,20): warning C4244:         ]
D:\VSProject\SFML_Project\A4\Scene_Play.cpp(775,19): warning C4244: 'initializing': conversion from 'T' to 'int', possible loss of data
D:\VSProject\SFML_Project\A4\Scene_Play.cpp(775,19): warning C4244:         with
D:\VSProject\SFML_Project\A4\Scene_Play.cpp(775,19): warning C4244:         [
D:\VSProject\SFML_Project\A4\Scene_Play.cpp(775,19): warning C4244:             T=float
D:\VSProject\SFML_Project\A4\Scene_Play.cpp(775,19): warning C4244:         ]
D:\VSProject\SFML_Project\A4\Scene_Play.cpp(909,60): warning C4244: 'argument': conversion from 'T' to 'float', possible loss of data
D:\VSProject\SFML_Project\A4\Scene_Play.cpp(909,60): warning C4244:         with
D:\VSProject\SFML_Project\A4\Scene_Play.cpp(909,60): warning C4244:         [
D:\VSProject\SFML_Project\A4\Scene_Play.cpp(909,60): warning C4244:             T=unsigned int
D:\VSProject\SFML_Project\A4\Scene_Play.cpp(909,60): warning C4244:         ]
D:\VSProject\SFML_Project\A4\Scene_Play.cpp(909,40): warning C4244: 'argument': conversion from 'T' to 'float', possible loss of data
D:\VSProject\SFML_Project\A4\Scene_Play.cpp(909,40): warning C4244:         with
D:\VSProject\SFML_Project\A4\Scene_Play.cpp(909,40): warning C4244:         [
D:\VSProject\SFML_Project\A4\Scene_Play.cpp(909,40): warning C4244:             T=unsigned int
D:\VSProject\SFML_Project\A4\Scene_Play.cpp(909,40): warning C4244:         ]
D:\VSProject\SFML_Project\A4\Scene_Play.cpp(910,66): warning C4244: 'argument': conversion from 'T' to 'float', possible loss of data
D:\VSProject\SFML_Project\A4\Scene_Play.cpp(910,66): warning C4244:         with
D:\VSProject\SFML_Project\A4\Scene_Play.cpp(910,66): warning C4244:         [
D:\VSProject\SFML_Project\A4\Scene_Play.cpp(910,66): warning C4244:             T=unsigned int
D:\VSProject\SFML_Project\A4\Scene_Play.cpp(910,66): warning C4244:         ]
D:\VSProject\SFML_Project\A4\Scene_Play.cpp(910,44): warning C4244: 'argument': conversion from 'T' to 'float', possible loss of data
D:\VSProject\SFML_Project\A4\Scene_Play.cpp(910,44): warning C4244:         with
D:\VSProject\SFML_Project\A4\Scene_Play.cpp(910,44): warning C4244:         [
D:\VSProject\SFML_Project\A4\Scene_Play.cpp(910,44): warning C4244:             T=unsigned int
D:\VSProject\SFML_Project\A4\Scene_Play.cpp(910,44): warning C4244:         ]
D:\VSProject\SFML_Project\A4\Scene_Play.cpp(919,34): warning C4244: 'argument': conversion from 'T' to 'T', possible loss of data
D:\VSProject\SFML_Project\A4\Scene_Play.cpp(919,34): warning C4244:         with
D:\VSProject\SFML_Project\A4\Scene_Play.cpp(919,34): warning C4244:         [
D:\VSProject\SFML_Project\A4\Scene_Play.cpp(919,34): warning C4244:             T=float
D:\VSProject\SFML_Project\A4\Scene_Play.cpp(919,34): warning C4244:         ]
D:\VSProject\SFML_Project\A4\Scene_Play.cpp(919,34): warning C4244:         and
D:\VSProject\SFML_Project\A4\Scene_Play.cpp(919,34): warning C4244:         [
D:\VSProject\SFML_Project\A4\Scene_Play.cpp(919,34): warning C4244:             T=int
D:\VSProject\SFML_Project\A4\Scene_Play.cpp(919,34): warning C4244:         ]
D:\VSProject\SFML_Project\A4\Scene_Play.cpp(918,34): warning C4244: 'argument': conversion from 'T' to 'T', possible loss of data
D:\VSProject\SFML_Project\A4\Scene_Play.cpp(918,34): warning C4244:         with
D:\VSProject\SFML_Project\A4\Scene_Play.cpp(918,34): warning C4244:         [
D:\VSProject\SFML_Project\A4\Scene_Play.cpp(918,34): warning C4244:             T=float
D:\VSProject\SFML_Project\A4\Scene_Play.cpp(918,34): warning C4244:         ]
D:\VSProject\SFML_Project\A4\Scene_Play.cpp(918,34): warning C4244:         and
D:\VSProject\SFML_Project\A4\Scene_Play.cpp(918,34): warning C4244:         [
D:\VSProject\SFML_Project\A4\Scene_Play.cpp(918,34): warning C4244:             T=int
D:\VSProject\SFML_Project\A4\Scene_Play.cpp(918,34): warning C4244:         ]
D:\VSProject\SFML_Project\A4\Scene_Play.cpp(917,67): warning C4244: 'argument': conversion from 'T' to 'T', possible loss of data
D:\VSProject\SFML_Project\A4\Scene_Play.cpp(917,67): warning C4244:         with
D:\VSProject\SFML_Project\A4\Scene_Play.cpp(917,67): warning C4244:         [
D:\VSProject\SFML_Project\A4\Scene_Play.cpp(917,67): warning C4244:             T=float
D:\VSProject\SFML_Project\A4\Scene_Play.cpp(917,67): warning C4244:         ]
D:\VSProject\SFML_Project\A4\Scene_Play.cpp(917,67): warning C4244:         and
D:\VSProject\SFML_Project\A4\Scene_Play.cpp(917,67): warning C4244:         [
D:\VSProject\SFML_Project\A4\Scene_Play.cpp(917,67): warning C4244:             T=int
D:\VSProject\SFML_Project\A4\Scene_Play.cpp(917,67): warning C4244:         ]
D:\VSProject\SFML_Project\A4\Scene_Play.cpp(916,84): warning C4244: 'argument': conversion from 'T' to 'T', possible loss of data
D:\VSProject\SFML_Project\A4\Scene_Play.cpp(916,84): warning C4244:         with
D:\VSProject\SFML_Project\A4\Scene_Play.cpp(916,84): warning C4244:         [
D:\VSProject\SFML_Project\A4\Scene_Play.cpp(916,84): warning C4244:             T=float
D:\VSProject\SFML_Project\A4\Scene_Play.cpp(916,84): warning C4244:         ]
D:\VSProject\SFML_Project\A4\Scene_Play.cpp(916,84): warning C4244:         and
D:\VSProject\SFML_Project\A4\Scene_Play.cpp(916,84): warning C4244:         [
D:\VSProject\SFML_Project\A4\Scene_Play.cpp(916,84): warning C4244:             T=int
D:\VSProject\SFML_Project\A4\Scene_Play.cpp(916,84): warning C4244:         ]
D:\VSProject\SFML_Project\A4\Scene_Play.cpp(1111,72): warning C4244: 'argument': conversion from 'T' to 'float', possible loss of data
D:\VSProject\SFML_Project\A4\Scene_Play.cpp(1111,72): warning C4244:         with
D:\VSProject\SFML_Project\A4\Scene_Play.cpp(1111,72): warning C4244:         [
D:\VSProject\SFML_Project\A4\Scene_Play.cpp(1111,72): warning C4244:             T=unsigned int
D:\VSProject\SFML_Project\A4\Scene_Play.cpp(1111,72): warning C4244:         ]
D:\VSProject\SFML_Project\A4\Scene_Play.cpp(1111,52): warning C4244: 'argument': conversion from 'T' to 'float', possible loss of data
D:\VSProject\SFML_Project\A4\Scene_Play.cpp(1111,52): warning C4244:         with
D:\VSProject\SFML_Project\A4\Scene_Play.cpp(1111,52): warning C4244:         [
D:\VSProject\SFML_Project\A4\Scene_Play.cpp(1111,52): warning C4244:             T=unsigned int
D:\VSProject\SFML_Project\A4\Scene_Play.cpp(1111,52): warning C4244:         ]
D:\VSProject\SFML_Project\A4\Scene_Play.cpp(1116,55): warning C4244: '=': conversion from 'T' to 'T', possible loss of data
D:\VSProject\SFML_Project\A4\Scene_Play.cpp(1116,55): warning C4244:         with
D:\VSProject\SFML_Project\A4\Scene_Play.cpp(1116,55): warning C4244:         [
D:\VSProject\SFML_Project\A4\Scene_Play.cpp(1116,55): warning C4244:             T=float
D:\VSProject\SFML_Project\A4\Scene_Play.cpp(1116,55): warning C4244:         ]
D:\VSProject\SFML_Project\A4\Scene_Play.cpp(1116,55): warning C4244:         and
D:\VSProject\SFML_Project\A4\Scene_Play.cpp(1116,55): warning C4244:         [
D:\VSProject\SFML_Project\A4\Scene_Play.cpp(1116,55): warning C4244:             T=int
D:\VSProject\SFML_Project\A4\Scene_Play.cpp(1116,55): warning C4244:         ]
D:\VSProject\SFML_Project\A4\Scene_Play.cpp(1117,56): warning C4244: '=': conversion from 'T' to 'T', possible loss of data
D:\VSProject\SFML_Project\A4\Scene_Play.cpp(1117,56): warning C4244:         with
D:\VSProject\SFML_Project\A4\Scene_Play.cpp(1117,56): warning C4244:         [
D:\VSProject\SFML_Project\A4\Scene_Play.cpp(1117,56): warning C4244:             T=float
D:\VSProject\SFML_Project\A4\Scene_Play.cpp(1117,56): warning C4244:         ]
D:\VSProject\SFML_Project\A4\Scene_Play.cpp(1117,56): warning C4244:         and
D:\VSProject\SFML_Project\A4\Scene_Play.cpp(1117,56): warning C4244:         [
D:\VSProject\SFML_Project\A4\Scene_Play.cpp(1117,56): warning C4244:             T=int
D:\VSProject\SFML_Project\A4\Scene_Play.cpp(1117,56): warning C4244:         ]
D:\VSProject\SFML_Project\A4\Scene_Play.cpp(1125,72): warning C4244: 'argument': conversion from 'T' to 'float', possible loss of data
D:\VSProject\SFML_Project\A4\Scene_Play.cpp(1125,72): warning C4244:         with
D:\VSProject\SFML_Project\A4\Scene_Play.cpp(1125,72): warning C4244:         [
D:\VSProject\SFML_Project\A4\Scene_Play.cpp(1125,72): warning C4244:             T=unsigned int
D:\VSProject\SFML_Project\A4\Scene_Play.cpp(1125,72): warning C4244:         ]
D:\VSProject\SFML_Project\A4\Scene_Play.cpp(1125,52): warning C4244: 'argument': conversion from 'T' to 'float', possible loss of data
D:\VSProject\SFML_Project\A4\Scene_Play.cpp(1125,52): warning C4244:         with
D:\VSProject\SFML_Project\A4\Scene_Play.cpp(1125,52): warning C4244:         [
D:\VSProject\SFML_Project\A4\Scene_Play.cpp(1125,52): warning C4244:             T=unsigned int
D:\VSProject\SFML_Project\A4\Scene_Play.cpp(1125,52): warning C4244:         ]
D:\VSProject\SFML_Project\A4\Scene_Play.cpp(1130,55): warning C4244: '=': conversion from 'T' to 'T', possible loss of data
D:\VSProject\SFML_Project\A4\Scene_Play.cpp(1130,55): warning C4244:         with
D:\VSProject\SFML_Project\A4\Scene_Play.cpp(1130,55): warning C4244:         [
D:\VSProject\SFML_Project\A4\Scene_Play.cpp(1130,55): warning C4244:             T=float
D:\VSProject\SFML_Project\A4\Scene_Play.cpp(1130,55): warning C4244:         ]
D:\VSProject\SFML_Project\A4\Scene_Play.cpp(1130,55): warning C4244:         and
D:\VSProject\SFML_Project\A4\Scene_Play.cpp(1130,55): warning C4244:         [
D:\VSProject\SFML_Project\A4\Scene_Play.cpp(1130,55): warning C4244:             T=int
D:\VSProject\SFML_Project\A4\Scene_Play.cpp(1130,55): warning C4244:         ]
D:\VSProject\SFML_Project\A4\Scene_Play.cpp(1131,56): warning C4244: '=': conversion from 'T' to 'T', possible loss of data
D:\VSProject\SFML_Project\A4\Scene_Play.cpp(1131,56): warning C4244:         with
D:\VSProject\SFML_Project\A4\Scene_Play.cpp(1131,56): warning C4244:         [
D:\VSProject\SFML_Project\A4\Scene_Play.cpp(1131,56): warning C4244:             T=float
D:\VSProject\SFML_Project\A4\Scene_Play.cpp(1131,56): warning C4244:         ]
D:\VSProject\SFML_Project\A4\Scene_Play.cpp(1131,56): warning C4244:         and
D:\VSProject\SFML_Project\A4\Scene_Play.cpp(1131,56): warning C4244:         [
D:\VSProject\SFML_Project\A4\Scene_Play.cpp(1131,56): warning C4244:             T=int
D:\VSProject\SFML_Project\A4\Scene_Play.cpp(1131,56): warning C4244:         ]
D:\VSProject\SFML_Project\A4\Scene_Play.cpp(1230,76): warning C4244: 'argument': conversion from 'T' to 'float', possible loss of data
D:\VSProject\SFML_Project\A4\Scene_Play.cpp(1230,76): warning C4244:         with
D:\VSProject\SFML_Project\A4\Scene_Play.cpp(1230,76): warning C4244:         [
D:\VSProject\SFML_Project\A4\Scene_Play.cpp(1230,76): warning C4244:             T=unsigned int
D:\VSProject\SFML_Project\A4\Scene_Play.cpp(1230,76): warning C4244:         ]
D:\VSProject\SFML_Project\A4\Scene_Play.cpp(1230,56): warning C4244: 'argument': conversion from 'T' to 'float', possible loss of data
D:\VSProject\SFML_Project\A4\Scene_Play.cpp(1230,56): warning C4244:         with
D:\VSProject\SFML_Project\A4\Scene_Play.cpp(1230,56): warning C4244:         [
D:\VSProject\SFML_Project\A4\Scene_Play.cpp(1230,56): warning C4244:             T=unsigned int
D:\VSProject\SFML_Project\A4\Scene_Play.cpp(1230,56): warning C4244:         ]
D:\VSProject\SFML_Project\A4\Scene_Play.cpp(1235,144): warning C4244: 'argument': conversion from 'const float' to 'int', possible loss of data
D:\VSProject\SFML_Project\A4\Scene_Play.cpp(1314,90): warning C4267: 'argument': conversion from 'size_t' to 'int', possible loss of data
D:\VSProject\SFML_Project\A4\Scene_Play.cpp(1378,77): warning C4244: '=': conversion from 'T' to 'T', possible loss of data
D:\VSProject\SFML_Project\A4\Scene_Play.cpp(1378,77): warning C4244:         with
D:\VSProject\SFML_Project\A4\Scene_Play.cpp(1378,77): warning C4244:         [
D:\VSProject\SFML_Project\A4\Scene_Play.cpp(1378,77): warning C4244:             T=float
D:\VSProject\SFML_Project\A4\Scene_Play.cpp(1378,77): warning C4244:         ]
D:\VSProject\SFML_Project\A4\Scene_Play.cpp(1378,77): warning C4244:         and
D:\VSProject\SFML_Project\A4\Scene_Play.cpp(1378,77): warning C4244:         [
D:\VSProject\SFML_Project\A4\Scene_Play.cpp(1378,77): warning C4244:             T=int
D:\VSProject\SFML_Project\A4\Scene_Play.cpp(1378,77): warning C4244:         ]
D:\VSProject\SFML_Project\A4\Scene_Play.cpp(1379,76): warning C4244: '=': conversion from 'T' to 'T', possible loss of data
D:\VSProject\SFML_Project\A4\Scene_Play.cpp(1379,76): warning C4244:         with
D:\VSProject\SFML_Project\A4\Scene_Play.cpp(1379,76): warning C4244:         [
D:\VSProject\SFML_Project\A4\Scene_Play.cpp(1379,76): warning C4244:             T=float
D:\VSProject\SFML_Project\A4\Scene_Play.cpp(1379,76): warning C4244:         ]
D:\VSProject\SFML_Project\A4\Scene_Play.cpp(1379,76): warning C4244:         and
D:\VSProject\SFML_Project\A4\Scene_Play.cpp(1379,76): warning C4244:         [
D:\VSProject\SFML_Project\A4\Scene_Play.cpp(1379,76): warning C4244:             T=int
D:\VSProject\SFML_Project\A4\Scene_Play.cpp(1379,76): warning C4244:         ]
D:\VSProject\SFML_Project\A4\Scene_Play.cpp(1655,44): warning C4244: 'argument': conversion from 'float' to 'T', possible loss of data
D:\VSProject\SFML_Project\A4\Scene_Play.cpp(1655,44): warning C4244:         with
D:\VSProject\SFML_Project\A4\Scene_Play.cpp(1655,44): warning C4244:         [
D:\VSProject\SFML_Project\A4\Scene_Play.cpp(1655,44): warning C4244:             T=int
D:\VSProject\SFML_Project\A4\Scene_Play.cpp(1655,44): warning C4244:         ]
D:\VSProject\SFML_Project\A4\Scene_Play.cpp(1655,37): warning C4244: 'argument': conversion from 'float' to 'T', possible loss of data
D:\VSProject\SFML_Project\A4\Scene_Play.cpp(1655,37): warning C4244:         with
D:\VSProject\SFML_Project\A4\Scene_Play.cpp(1655,37): warning C4244:         [
D:\VSProject\SFML_Project\A4\Scene_Play.cpp(1655,37): warning C4244:             T=int
D:\VSProject\SFML_Project\A4\Scene_Play.cpp(1655,37): warning C4244:         ]
D:\VSProject\SFML_Project\A4\Scene_Play.cpp(1715,44): warning C4244: 'argument': conversion from 'float' to 'T', possible loss of data
D:\VSProject\SFML_Project\A4\Scene_Play.cpp(1715,44): warning C4244:         with
D:\VSProject\SFML_Project\A4\Scene_Play.cpp(1715,44): warning C4244:         [
D:\VSProject\SFML_Project\A4\Scene_Play.cpp(1715,44): warning C4244:             T=int
D:\VSProject\SFML_Project\A4\Scene_Play.cpp(1715,44): warning C4244:         ]
D:\VSProject\SFML_Project\A4\Scene_Play.cpp(1715,37): warning C4244: 'argument': conversion from 'float' to 'T', possible loss of data
D:\VSProject\SFML_Project\A4\Scene_Play.cpp(1715,37): warning C4244:         with
D:\VSProject\SFML_Project\A4\Scene_Play.cpp(1715,37): warning C4244:         [
D:\VSProject\SFML_Project\A4\Scene_Play.cpp(1715,37): warning C4244:             T=int
D:\VSProject\SFML_Project\A4\Scene_Play.cpp(1715,37): warning C4244:         ]
D:\VSProject\SFML_Project\A4\Scene_Play.cpp(1744,44): warning C4244: 'argument': conversion from 'float' to 'T', possible loss of data
D:\VSProject\SFML_Project\A4\Scene_Play.cpp(1744,44): warning C4244:         with
D:\VSProject\SFML_Project\A4\Scene_Play.cpp(1744,44): warning C4244:         [
D:\VSProject\SFML_Project\A4\Scene_Play.cpp(1744,44): warning C4244:             T=int
D:\VSProject\SFML_Project\A4\Scene_Play.cpp(1744,44): warning C4244:         ]
D:\VSProject\SFML_Project\A4\Scene_Play.cpp(1744,37): warning C4244: 'argument': conversion from 'float' to 'T', possible loss of data
D:\VSProject\SFML_Project\A4\Scene_Play.cpp(1744,37): warning C4244:         with
D:\VSProject\SFML_Project\A4\Scene_Play.cpp(1744,37): warning C4244:         [
D:\VSProject\SFML_Project\A4\Scene_Play.cpp(1744,37): warning C4244:             T=int
D:\VSProject\SFML_Project\A4\Scene_Play.cpp(1744,37): warning C4244:         ]
D:\VSProject\SFML_Project\A4\Scene_Play.cpp(1876,20): warning C4244: 'initializing': conversion from 'T' to 'int', possible loss of data
D:\VSProject\SFML_Project\A4\Scene_Play.cpp(1876,20): warning C4244:         with
D:\VSProject\SFML_Project\A4\Scene_Play.cpp(1876,20): warning C4244:         [
D:\VSProject\SFML_Project\A4\Scene_Play.cpp(1876,20): warning C4244:             T=float
D:\VSProject\SFML_Project\A4\Scene_Play.cpp(1876,20): warning C4244:         ]
D:\VSProject\SFML_Project\A4\Scene_Play.cpp(1877,19): warning C4244: 'initializing': conversion from 'T' to 'int', possible loss of data
D:\VSProject\SFML_Project\A4\Scene_Play.cpp(1877,19): warning C4244:         with
D:\VSProject\SFML_Project\A4\Scene_Play.cpp(1877,19): warning C4244:         [
D:\VSProject\SFML_Project\A4\Scene_Play.cpp(1877,19): warning C4244:             T=float
D:\VSProject\SFML_Project\A4\Scene_Play.cpp(1877,19): warning C4244:         ]
D:\VSProject\SFML_Project\A4\Entity.hpp(67,36): warning C4244: 'argument': conversion from '_Ty' to 'float', possible loss of data
D:\VSProject\SFML_Project\A4\Entity.hpp(67,36): warning C4244:         with
D:\VSProject\SFML_Project\A4\Entity.hpp(67,36): warning C4244:         [
D:\VSProject\SFML_Project\A4\Entity.hpp(67,36): warning C4244:             _Ty=int
D:\VSProject\SFML_Project\A4\Entity.hpp(67,36): warning C4244:         ]
  (compiling source file 'Scene_Play.cpp')
      D:\VSProject\SFML_Project\A4\Entity.hpp(67,36):
      the template instantiation context (the oldest one first) is
          D:\VSProject\SFML_Project\A4\Scene_Play.cpp(305,13):
          see reference to function template instantiation 'T &Entity::addComponent<CTransform,Vec2,Vec2,Vec2,int>(Vec2 &&,Vec2 &&,Vec2 &&,int &&)' being compiled
          with
          [
              T=CTransform
          ]
  
  Generating code
  1 of 3566 functions (<0.1%) were compiled, the rest were copied from previous compilation.
    0 functions were new in current compilation
    22 functions had inline decision re-evaluated but remain unchanged
  Finished generating code
  A4.vcxproj -> D:\VSProject\SFML_Project\x64\Release\A4.exe
  'pwsh.exe' is not recognized as an internal or external command,
  operable program or batch file.
